// Jest Snapshot v1, https://goo.gl/fbAQLP

exports[`icon typeChanged should enter loading state 1`] = `
"<svg width=\\"80%\\" height=\\"80%\\" viewBox=\\"0 0 64 64\\">
    <g>
        <g stroke-width=\\"6\\" stroke-linecap=\\"round\\" fill=\\"none\\">
            <path stroke=\\"currentColor\\" d=\\"M4,32 c0,15,12,28,28,28c8,0,16-4,21-9\\">
            </path>
            <path d=\\"M60,32 C60,16,47.464,4,32,4S4,16,4,32\\">
            </path>
            <animateTransform values=\\"0,32,32;360,32,32\\" attributeName=\\"transform\\" type=\\"rotate\\" repeatCount=\\"indefinite\\" dur=\\"750ms\\">
            </animateTransform>
        </g>
    </g>
</svg>"
`;
